    <h1 id="firstHeading" class="firstHeading">std::expected&lt;T,E&gt;::or_else</h1>            <table class="t-dcl-begin"> <tr class="t-dcl t-since-cxx23"> <td> <pre data-language="cpp">template&lt; class F &gt;
constexpr auto or_else( F&amp;&amp; f ) &amp;;</pre>
</td> <td> (1) </td> <td> <span class="t-mark-rev t-since-cxx23">(since C++23)</span> </td> </tr> <tr class="t-dcl t-since-cxx23"> <td> <pre data-language="cpp">template&lt; class F &gt;
constexpr auto or_else( F&amp;&amp; f ) const&amp;;</pre>
</td> <td> (2) </td> <td> <span class="t-mark-rev t-since-cxx23">(since C++23)</span> </td> </tr> <tr class="t-dcl t-since-cxx23"> <td> <pre data-language="cpp">template&lt; class F &gt;
constexpr auto or_else( F&amp;&amp; f ) &amp;&amp;;</pre>
</td> <td> (3) </td> <td> <span class="t-mark-rev t-since-cxx23">(since C++23)</span> </td> </tr> <tr class="t-dcl t-since-cxx23"> <td> <pre data-language="cpp">template&lt; class F &gt;
constexpr auto or_else( F&amp;&amp; f ) const&amp;&amp;;</pre>
</td> <td> (4) </td> <td> <span class="t-mark-rev t-since-cxx23">(since C++23)</span> </td> </tr>  </table> <p>If <code>*this</code> contains an error value, invokes <code>f</code> and returns its result; otherwise, returns a <code>std::expected</code> object that contains a copy of <a href="value.html" title="cpp/utility/expected/value"><code>value()</code></a>. The contained value (<a href="error.html" title="cpp/utility/expected/error"><code>error()</code></a>) is passed as an argument to <code>f</code>.</p>
<p>Let <code>G</code> be:</p>
<ul>
<li> for overloads <span class="t-v">(1-2)</span>, <code><a href="http://en.cppreference.com/w/cpp/types/remove_cvref"><span class="kw2648">std::<span class="me2">remove_cvref_t</span></span></a><span class="sy1">&lt;</span><a href="http://en.cppreference.com/w/cpp/types/result_of"><span class="kw3223">std::<span class="me2">invoke_result_t</span></span></a><span class="sy1">&lt;</span>F, decltype<span class="br0">(</span>error<span class="br0">(</span><span class="br0">)</span><span class="br0">)</span><span class="sy1">&gt;&gt;</span></code>; </li>
<li> for overloads <span class="t-v">(3-4)</span>, <code><a href="http://en.cppreference.com/w/cpp/types/remove_cvref"><span class="kw2648">std::<span class="me2">remove_cvref_t</span></span></a><span class="sy1">&lt;</span><a href="http://en.cppreference.com/w/cpp/types/result_of"><span class="kw3223">std::<span class="me2">invoke_result_t</span></span></a><span class="sy1">&lt;</span>F, decltype<span class="br0">(</span>std<span class="sy4">::</span><span class="me2">move</span><span class="br0">(</span>error<span class="br0">(</span><span class="br0">)</span><span class="br0">)</span><span class="br0">)</span><span class="sy1">&gt;&gt;</span></code>. </li>
</ul> <p>The return type is <code>G</code>, which must be a specialization of <code>std::expected</code>, and <code><a href="http://en.cppreference.com/w/cpp/types/is_same"><span class="kw592">std::<span class="me2">is_same_v</span></span></a><span class="sy1">&lt;</span>G<span class="sy4">::</span><span class="me2">value_type</span>, T<span class="sy1">&gt;</span></code> must be <span class="kw2">true</span>.</p>
<pre data-language="cpp">true</pre> <pre data-language="cpp">true</pre>  <h3 id="Parameters"> Parameters</h3> <table class="t-par-begin"> <tr class="t-par"> <td> f </td> <td> - </td> <td> a suitable function or <a href="../../named_req/callable.html" title="cpp/named req/Callable">Callable</a> object that returns a <code>std::expected</code> </td>
</tr>
</table> <h3 id="Return_value"> Return value</h3> <p>The result of <code>f</code>, or a <code>std::expected</code> object that contains a copy of the expected value, as described above.</p>
<h3 id="Notes"> Notes</h3> <table class="wikitable ftm-begin ftm-has-value"> <tr> <th>
<a href="../feature_test.html" title="cpp/utility/feature test">Feature-test</a> macro</th> <th>Value</th> <th><span title="Standard in which the feature is introduced">Std</span></th> <th>Comment </th>
</tr> <tr> <td><a href="../../feature_test.html#Library_features" title="cpp/feature test"><code>__cpp_lib_expected</code></a></td> <td><span class="nu0">202211L</span></td> <td><span class="t-mark">(C++23)</span></td> <td>Monadic functions for <code>std::expected</code> </td>
</tr>
</table> <h3 id="Example"> Example</h3>  <h3 id="See_also"> See also</h3> <table class="t-dsc-begin"> <tr class="t-dsc"> <td> <div><a href="transform_error.html" title="cpp/utility/expected/transform error"> <span class="t-lines"><span>transform_error</span></span></a></div>
<div><span class="t-lines"><span><span class="t-mark-rev t-since-cxx23">(C++23)</span></span></span></div> </td> <td> returns the <code>expected</code> itself if it contains an expected value; otherwise, returns an <code>expected</code> containing the transformed unexpected value <br> <span class="t-mark">(public member function)</span>  </td>
</tr> </table>           <div class="_attribution">
  <p class="_attribution-p">
    &copy; cppreference.com<br>Licensed under the Creative Commons Attribution-ShareAlike Unported License v3.0.<br>
    <a href="https://en.cppreference.com/w/cpp/utility/expected/or_else" class="_attribution-link">https://en.cppreference.com/w/cpp/utility/expected/or_else</a>
  </p>
</div>
