    <h1 id="firstHeading" class="firstHeading">std::expected&lt;T,E&gt;::transform</h1>            <table class="t-dcl-begin"> <tr class="t-dcl t-since-cxx23"> <td> <pre data-language="cpp">template&lt; class F &gt;
constexpr auto transform( F&amp;&amp; f ) &amp;;</pre>
</td> <td> (1) </td> <td> <span class="t-mark-rev t-since-cxx23">(since C++23)</span> </td> </tr> <tr class="t-dcl t-since-cxx23"> <td> <pre data-language="cpp">template&lt; class F &gt;
constexpr auto transform( F&amp;&amp; f ) const&amp;;</pre>
</td> <td> (2) </td> <td> <span class="t-mark-rev t-since-cxx23">(since C++23)</span> </td> </tr> <tr class="t-dcl t-since-cxx23"> <td> <pre data-language="cpp">template&lt; class F &gt;
constexpr auto transform( F&amp;&amp; f ) &amp;&amp;;</pre>
</td> <td> (3) </td> <td> <span class="t-mark-rev t-since-cxx23">(since C++23)</span> </td> </tr> <tr class="t-dcl t-since-cxx23"> <td> <pre data-language="cpp">template&lt; class F &gt;
constexpr auto transform( F&amp;&amp; f ) const&amp;&amp;;</pre>
</td> <td> (4) </td> <td> <span class="t-mark-rev t-since-cxx23">(since C++23)</span> </td> </tr>  </table> <p>If <code>*this</code> contains an expected value, invokes <code>f</code> and returns a <code>std::expected</code> object that contains its result; otherwise, returns a <code>std::expected</code> object that contains a copy of <a href="error.html" title="cpp/utility/expected/error"><code>error()</code></a>.</p>
<p>If <code>T</code> is not (possibly cv-qualified) <span class="kw4">void</span>, the contained value (<a href="operator*.html" title="cpp/utility/expected/operator*"><code>**this</code></a>) is passed as an argument to <code>f</code>; otherwise <code>f</code> takes no argument.</p>
<p>Let <code>U</code> be:</p>
<ul>
<li> if <code>T</code> is not (possibly cv-qualified) <span class="kw4">void</span>: <ul>
<li> for overloads <span class="t-v">(1-2)</span>, <code><a href="http://en.cppreference.com/w/cpp/types/remove_cv"><span class="kw600">std::<span class="me2">remove_cv_t</span></span></a><span class="sy1">&lt;</span><a href="http://en.cppreference.com/w/cpp/types/result_of"><span class="kw3223">std::<span class="me2">invoke_result_t</span></span></a><span class="sy1">&lt;</span>F, decltype<span class="br0">(</span><span class="sy2">**</span>this<span class="br0">)</span><span class="sy1">&gt;&gt;</span></code>; </li>
<li> for overloads <span class="t-v">(3-4)</span>, <code><a href="http://en.cppreference.com/w/cpp/types/remove_cv"><span class="kw600">std::<span class="me2">remove_cv_t</span></span></a><span class="sy1">&lt;</span><a href="http://en.cppreference.com/w/cpp/types/result_of"><span class="kw3223">std::<span class="me2">invoke_result_t</span></span></a><span class="sy1">&lt;</span>F, decltype<span class="br0">(</span>std<span class="sy4">::</span><span class="me2">move</span><span class="br0">(</span><span class="sy2">**</span>this<span class="br0">)</span><span class="br0">)</span><span class="sy1">&gt;&gt;</span></code>; </li>
</ul> </li>
<li> otherwise (<code>T</code> is possibly cv-qualified <span class="kw4">void</span>), <code><a href="http://en.cppreference.com/w/cpp/types/remove_cv"><span class="kw600">std::<span class="me2">remove_cv_t</span></span></a><span class="sy1">&lt;</span><a href="http://en.cppreference.com/w/cpp/types/result_of"><span class="kw3223">std::<span class="me2">invoke_result_t</span></span></a><span class="sy1">&lt;</span>F<span class="sy1">&gt;&gt;</span></code>. </li>
</ul> <p><code>U</code> must be a valid value type for <code>std::expected</code>. A variable of type <code>U</code> must be constructible from the result of invocation (but does not need to be move-constructible). The return type is <code>std::expected&lt;U, E&gt;</code>.</p>
<pre data-language="cpp">true</pre> <pre data-language="cpp">true</pre>  <h3 id="Parameters"> Parameters</h3> <table class="t-par-begin"> <tr class="t-par"> <td> f </td> <td> - </td> <td> a suitable function or <a href="../../named_req/callable.html" title="cpp/named req/Callable">Callable</a> object whose call signature returns a non-reference type </td>
</tr>
</table> <h3 id="Return_value"> Return value</h3> <p>A <code>std::expected</code> object containing either the result of <code>f</code> or an error value, as described above.</p>
<h3 id="Example"> Example</h3>  <h3 id="See_also"> See also</h3> <table class="t-dsc-begin"> <tr class="t-dsc"> <td> <div><a href="transform_error.html" title="cpp/utility/expected/transform error"> <span class="t-lines"><span>transform_error</span></span></a></div>
<div><span class="t-lines"><span><span class="t-mark-rev t-since-cxx23">(C++23)</span></span></span></div> </td> <td> returns the <code>expected</code> itself if it contains an expected value; otherwise, returns an <code>expected</code> containing the transformed unexpected value <br> <span class="t-mark">(public member function)</span>  </td>
</tr> </table>           <div class="_attribution">
  <p class="_attribution-p">
    &copy; cppreference.com<br>Licensed under the Creative Commons Attribution-ShareAlike Unported License v3.0.<br>
    <a href="https://en.cppreference.com/w/cpp/utility/expected/transform" class="_attribution-link">https://en.cppreference.com/w/cpp/utility/expected/transform</a>
  </p>
</div>
